{
  "result": "{\"errors\":[{\"message\":\"The IDs \\u0060U29tZQpnMDAwMDAwMDAwMDAwMDAwMDAwMDAwMDAwMDAwMDAwMDA=\\u0060 have an invalid format.\"}],\"data\":{\"foo\":null}}",
  "someId": "U29tZQpnMDAwMDAwMDAwMDAwMDAwMDAwMDAwMDAwMDAwMDAwMDA="
}
