The topic is declared multiple times on HotChocolate.Types.SubscriptionTypeTests+InvalidSubscription_TwoTopicAttributes.OnMessage. (TopicAttribute)
